---
source: crates/azalea-core/src/typeck/tests.rs
expression: output
---
TYPE1:
A[ᵗa]

TYPE2:
a[ᵗa]

RESULT:
Err(
    UnificationError {
        message: "Cannot unify TypeCons(\"A\", [Var(\"a\")]) with TypeCons(\"a\", [Var(\"a\")])",
        location: SourceLoc {
            line: 1,
            start: 0,
            end: 0,
        },
    },
)
