---
source: crates/azalea-core/src/typeck/tests.rs
expression: output
---
SOURCE:
for x in [1, 2, 3] do let x = 5 end

RESULT:
Err(
    TypeMismatch {
        expected: Array(
            Unresolved,
        ),
        found: TypeCons(
            "Array",
            [
                Int,
            ],
        ),
        location: SourceLoc {
            line: 1,
            start: 9,
            end: 10,
        },
    },
)

ENV:
{  }
